// Jest Snapshot v1, https://goo.gl/fbAQLP

exports[`<App /> renders correctly 1`] = `
<ThemeProvider
  theme={
    Object {
      "borderRadius": Object {
        "lg": "4px",
        "sm": "2px",
      },
      "boxShadow": Object {
        "inset": "inset 0 2px 4px 0 rgba(0, 0, 0, 0.06)",
        "lg": "0 10px 15px -3px rgba(0, 0, 0, 0.1), 0 4px 6px -2px rgba(0, 0, 0, 0.05)",
        "md": "0 4px 6px -1px rgba(0, 0, 0, 0.1), 0 2px 4px -1px rgba(0, 0, 0, 0.06)",
        "sm": "0 1px 3px 0 rgba(0, 0, 0, 0.1), 0 1px 2px 0 rgba(0, 0, 0, 0.06)",
        "xs": "0 1px 2px 0 rgba(0, 0, 0, 0.05)",
      },
      "color": Object {
        "black": "#000000",
        "blue": "#3182CE",
        "blueDark": "#2B6CB0",
        "blueDarkest": "#2A4365",
        "blueLight": "#63B3ED",
        "blueLightest": "#BEE3F8",
        "green": "#48BB78",
        "greenDark": "#38A169",
        "greenDarkest": "#2F855A",
        "greenLight": "#68D391",
        "greenLightest": "#C6F6D5",
        "grey": "#A0AEC0",
        "greyDark": "#718096",
        "greyDarkest": "#4A5568",
        "greyLight": "#CBD5E0",
        "greyLightest": "#E2E8F0",
        "orange": "#F6AD55",
        "orangeDark": "#DD6B20",
        "orangeDarkest": "#C05621",
        "orangeLight": "#FBD38D",
        "orangeLightest": "#FFFAF0",
        "primary": "#3c8786",
        "purple": "#9F7AEA",
        "purpleDark": "#805AD5",
        "purpleDarkest": "#553C9A",
        "purpleLight": "#D6BCFA",
        "purpleLightest": "#FAF5FF",
        "red": "#E53E3E",
        "redDark": "#C53030",
        "redDarkest": "#9B2C2C",
        "redLight": "#FC8181",
        "redLightest": "#FED7D7",
        "white": "#fff",
      },
      "fontSize": Object {
        "lg": "16px",
        "md": "14px",
        "sm": "12px",
        "xl": "22px",
        "xs": "10px",
        "xxl": "28px",
      },
      "gap": Object {
        "column": "15px",
      },
    }
  }
>
  <Provider
    store={
      Object {
        "dispatch": [MockFunction],
        "getState": [MockFunction],
        "subscribe": [MockFunction],
      }
    }
  >
    <Connect(ConnectedRouterWithContext)
      history={Object {}}
    >
      <Memo(GlobalStyleComponent) />
      <Connect(App) />
    </Connect(ConnectedRouterWithContext)>
  </Provider>
</ThemeProvider>
`;
