// Jest Snapshot v1, https://goo.gl/fbAQLP

exports[`<RemoveSequence /> renders correctly 1`] = `
<ModalDialog
  headerText="Remove Sequence"
  label="Remove"
  modalStyle="danger"
  onHide={[MockFunction]}
  show={true}
>
  <Modal__DialogBody>
    <span>
      Are you sure you want to remove the sequence
      <strong>
         
        test
      </strong>
       from
      <strong>
         
        baz
      </strong>
      ?
    </span>
  </Modal__DialogBody>
  <Modal__DialogFooter
    style={
      Object {
        "border": "none",
      }
    }
  >
    <Button
      bsStyle="danger"
      icon="check"
      onClick={[Function]}
      pullRight={false}
      tipPlacement="top"
    >
      Confirm
    </Button>
  </Modal__DialogFooter>
</ModalDialog>
`;
