# name: test_fake_hmms[uvloop]
  <class 'list'> [
    <class 'dict'> {
      '_id': '2x6YnyMt',
      'cluster': 10,
      'count': 113,
      'entries': <class 'list'> [
        <class 'dict'> {
          'accession': 'NP_040304.1',
          'gi': '9626062',
          'name': 'major capsid L1 protein',
          'organism': 'Human papillomavirus type 6b',
        },
        <class 'dict'> {
          'accession': 'NP_040309.1',
          'gi': '9626068',
          'name': 'major capsid protein L1',
          'organism': 'Human papillomavirus - 1',
        },
        <class 'dict'> {
          'accession': 'NP_040895.1',
          'gi': '9626604',
          'name': 'hypothetical protein HpV4gp7',
          'organism': 'Human papillomavirus type 4',
        },
        <class 'dict'> {
          'accession': 'NP_040902.1',
          'gi': '9626612',
          'name': 'hypothetical protein HpV63gp7',
          'organism': 'Human papillomavirus type 63',
        },
        <class 'dict'> {
          'accession': 'NP_041300.1',
          'gi': '9627073',
          'name': 'major capsid protein',
          'organism': 'Deltapapillomavirus 2',
        },
        <class 'dict'> {
          'accession': 'NP_041313.1',
          'gi': '9627087',
          'name': 'major capsid protein',
          'organism': 'Deltapapillomavirus 1',
        },
        <class 'dict'> {
          'accession': 'NP_041332.1',
          'gi': '9627108',
          'name': 'major capsid L1 protein',
          'organism': 'Human papillomavirus type 16',
        },
        <class 'dict'> {
          'accession': 'NP_041372.1',
          'gi': '9627153',
          'name': 'major capsid protein',
          'organism': 'Human papillomavirus type 5',
        },
        <class 'dict'> {
          'accession': 'NP_041746.1',
          'gi': '9627263',
          'name': 'late protein',
          'organism': 'Human papillomavirus type 10',
        },
        <class 'dict'> {
          'accession': 'NP_041787.1',
          'gi': '9627311',
          'name': 'late protein',
          'organism': 'Human papillomavirus type 26',
        },
        <class 'dict'> {
          'accession': 'NP_041806.1',
          'gi': '9627333',
          'name': 'late protein',
          'organism': 'Human papillomavirus type 32',
        },
        <class 'dict'> {
          'accession': 'NP_041812.1',
          'gi': '9627340',
          'name': 'late protein',
          'organism': 'Human papillomavirus type 34',
        },
        <class 'dict'> {
          'accession': 'NP_041837.1',
          'gi': '9627369',
          'name': 'L1 protein',
          'organism': 'Human papillomavirus type 49',
        },
        <class 'dict'> {
          'accession': 'NP_041848.1',
          'gi': '9627382',
          'name': 'late protein',
          'organism': 'Human papillomavirus type 53',
        },
        <class 'dict'> {
          'accession': 'NP_041859.1',
          'gi': '9627395',
          'name': 'late protein',
          'organism': 'Human papillomavirus type 7',
        },
        <class 'dict'> {
          'accession': 'NP_041866.1',
          'gi': '9627403',
          'name': 'late protein',
          'organism': 'Human papillomavirus type 9',
        },
        <class 'dict'> {
          'accession': 'NP_042019.1',
          'gi': '9627492',
          'name': 'L1 protein',
          'organism': 'Iotapapillomavirus 1',
        },
        <class 'dict'> {
          'accession': 'NP_043294.1',
          'gi': '9628444',
          'name': 'major capsid protein',
          'organism': 'Alphapapillomavirus 13',
        },
        <class 'dict'> {
          'accession': 'NP_043338.1',
          'gi': '9628453',
          'name': 'L1 protein',
          'organism': 'Alphapapillomavirus 12',
        },
        <class 'dict'> {
          'accession': 'NP_043422.1',
          'gi': '9628549',
          'name': 'major capsid protein L1',
          'organism': 'Human papillomavirus type 48',
        },
        <class 'dict'> {
          'accession': 'NP_043429.1',
          'gi': '9628557',
          'name': 'major capsid protein L1',
          'organism': 'Human papillomavirus type 50',
        },
        <class 'dict'> {
          'accession': 'NP_043443.1',
          'gi': '9628573',
          'name': 'major capsid protein L1',
          'organism': 'Human papillomavirus type 60',
        },
        <class 'dict'> {
          'accession': 'NP_043450.1',
          'gi': '9628581',
          'name': 'major capsid protein L1',
          'organism': 'Alphapapillomavirus 3',
        },
        <class 'dict'> {
          'accession': 'NP_044438.1',
          'gi': '9629250',
          'name': 'major capsid protein',
          'organism': 'Ovine papillomavirus - 1',
        },
        <class 'dict'> {
          'accession': 'NP_056744.1',
          'gi': '9627064',
          'name': 'capsid protein L1',
          'organism': 'Bovine papillomavirus - 1',
        },
        <class 'dict'> {
          'accession': 'NP_056819.1',
          'gi': '9627741',
          'name': 'late protein',
          'organism': 'Lambdapapillomavirus 2',
        },
        <class 'dict'> {
          'accession': 'NP_057848.1',
          'gi': '9635141',
          'name': 'major capsid protein L1',
          'organism': 'Kappapapillomavirus 1',
        },
        <class 'dict'> {
          'accession': 'NP_077113.1',
          'gi': '13186230',
          'name': 'L1',
          'organism': 'Kappapapillomavirus 2',
        },
        <class 'dict'> {
          'accession': 'NP_077122.1',
          'gi': '13186282',
          'name': 'late protein L1',
          'organism': 'Human papillomavirus - 2',
        },
        <class 'dict'> {
          'accession': 'NP_542623.1',
          'gi': '18138524',
          'name': 'L1 protein',
          'organism': 'Omikronpapillomavirus 1',
        },
        <class 'dict'> {
          'accession': 'NP_620513.1',
          'gi': '20428635',
          'name': 'major capsid L1 protein',
          'organism': 'Equus caballus papillomavirus 1',
        },
        <class 'dict'> {
          'accession': 'NP_647590.1',
          'gi': '21326235',
          'name': 'major capsid protein L1',
          'organism': 'Thetapapillomavirus 1',
        },
        <class 'dict'> {
          'accession': 'NP_663767.1',
          'gi': '21844541',
          'name': 'putative major capsid protein L1',
          'organism': 'Etapapillomavirus 1',
        },
        <class 'dict'> {
          'accession': 'NP_671509.1',
          'gi': '22138129',
          'name': 'putative major capsid protein L1',
          'organism': 'Human papillomavirus type 90',
        },
        <class 'dict'> {
          'accession': 'NP_694435.1',
          'gi': '23217020',
          'name': 'major capsid L1 protein',
          'organism': 'Epsilonpapillomavirus 1',
        },
        <class 'dict'> {
          'accession': 'NP_694451.2',
          'gi': '313767998',
          'name': 'putative major capsid protein L1',
          'organism': 'Xipapillomavirus 1',
        },
        <class 'dict'> {
          'accession': 'NP_775311.1',
          'gi': '27531793',
          'name': 'L1',
          'organism': 'Human papillomavirus type 92',
        },
        <class 'dict'> {
          'accession': 'NP_848025.1',
          'gi': '30315801',
          'name': 'L1 protein',
          'organism': 'Felis domesticus papillomavirus type 1',
        },
        <class 'dict'> {
          'accession': 'NP_932325.1',
          'gi': '37595916',
          'name': 'L1',
          'organism': 'Human papillomavirus type 96',
        },
        <class 'dict'> {
          'accession': 'YP_001595472.1',
          'gi': '161622650',
          'name': 'major structural protein',
          'organism': 'Bandicoot papillomatosis carcinomatosis virus type 1',
        },
        <class 'dict'> {
          'accession': 'YP_001648805.1',
          'gi': '164429769',
          'name': 'major capsid protein',
          'organism': 'Canine papillomavirus 4',
        },
        <class 'dict'> {
          'accession': 'YP_001672014.1',
          'gi': '167600372',
          'name': 'L1 protein',
          'organism': 'Human papillomavirus type 88',
        },
        <class 'dict'> {
          'accession': 'YP_001931973.1',
          'gi': '189043083',
          'name': 'L1',
          'organism': 'Ursus maritimus papillomavirus 1',
        },
        <class 'dict'> {
          'accession': 'YP_001955936.1',
          'gi': '189475227',
          'name': 'major capsid protein',
          'organism': 'Bandicoot papillomatosis carcinomatosis virus type 2',
        },
        <class 'dict'> {
          'accession': 'YP_002004574.1',
          'gi': '194268072',
          'name': 'L1',
          'organism': 'Capreolus capreolus papillomavirus 1',
        },
        <class 'dict'> {
          'accession': 'YP_002117846.1',
          'gi': '195661191',
          'name': 'L1',
          'organism': 'Tursiops truncatus papillomavirus 1',
        },
        <class 'dict'> {
          'accession': 'YP_002235542.1',
          'gi': '206599542',
          'name': 'L1',
          'organism': 'Sus scrofa papillomavirus type 1',
        },
        <class 'dict'> {
          'accession': 'YP_002308363.1',
          'gi': '212286055',
          'name': 'major capsid L1 protein',
          'organism': 'Caretta caretta papillomavirus 1',
        },
        <class 'dict'> {
          'accession': 'YP_002427696.1',
          'gi': '218685644',
          'name': 'major capsid protein',
          'organism': 'Erinaceus europaeus papillomavirus',
        },
        <class 'dict'> {
          'accession': 'YP_002635574.1',
          'gi': '224460782',
          'name': 'putative L1',
          'organism': 'Equine papillomavirus 2',
        },
        <class 'dict'> {
          'accession': 'YP_002647038.1',
          'gi': '224983327',
          'name': 'early protein L1',
          'organism': 'Human papillomavirus type 108',
        },
        <class 'dict'> {
          'accession': 'YP_002756544.1',
          'gi': '225927567',
          'name': 'L1 protein',
          'organism': 'Human papillomavirus type 109',
        },
        <class 'dict'> {
          'accession': 'YP_002756551.1',
          'gi': '225927575',
          'name': 'L1 protein',
          'organism': 'Human papillomavirus type 112',
        },
        <class 'dict'> {
          'accession': 'YP_003084352.1',
          'gi': '254810670',
          'name': 'L1 protein',
          'organism': 'Human papillomavirus 116',
        },
        <class 'dict'> {
          'accession': 'YP_003104804.1',
          'gi': '256352182',
          'name': 'L1',
          'organism': 'Francolinus leucoscepus papillomavirus 1',
        },
        <class 'dict'> {
          'accession': 'YP_003204681.1',
          'gi': '258611065',
          'name': 'L1',
          'organism': 'Lambdapapillomavirus 3',
        },
        <class 'dict'> {
          'accession': 'YP_003622569.1',
          'gi': '296040258',
          'name': 'L1',
          'organism': 'Bettongia penicillata papillomavirus 1',
        },
        <class 'dict'> {
          'accession': 'YP_003668031.1',
          'gi': '297342363',
          'name': 'major capsid protein L1',
          'organism': 'Human papillomavirus type 121',
        },
        <class 'dict'> {
          'accession': 'YP_003778198.1',
          'gi': '301173450',
          'name': 'L1',
          'organism': 'Mus musculus papillomavirus type 1',
        },
        <class 'dict'> {
          'accession': 'YP_003858579.1',
          'gi': '304522121',
          'name': 'L1',
          'organism': 'Gammapapillomavirus HPV127',
        },
        <class 'dict'> {
          'accession': 'YP_004169269.1',
          'gi': '319976690',
          'name': 'L1',
          'organism': 'Human papillomavirus type 128',
        },
        <class 'dict'> {
          'accession': 'YP_004169276.1',
          'gi': '319976682',
          'name': 'L1',
          'organism': 'Human papillomavirus type 129',
        },
        <class 'dict'> {
          'accession': 'YP_004169283.1',
          'gi': '319976674',
          'name': 'L1',
          'organism': 'Human papillomavirus type 131',
        },
        <class 'dict'> {
          'accession': 'YP_004169290.1',
          'gi': '319962674',
          'name': 'L1',
          'organism': 'Human papillomavirus type 132',
        },
        <class 'dict'> {
          'accession': 'YP_004169297.1',
          'gi': '319962666',
          'name': 'L1',
          'organism': 'Human papillomavirus type 134',
        },
        <class 'dict'> {
          'accession': 'YP_004306471.1',
          'gi': '326631683',
          'name': 'L1',
          'organism': 'Camelus dromedarius papillomavirus type 1',
        },
        <class 'dict'> {
          'accession': 'YP_004306478.1',
          'gi': '326631691',
          'name': 'L1',
          'organism': 'Camelus dromedarius papillomavirus type 2',
        },
        <class 'dict'> {
          'accession': 'YP_004346968.1',
          'gi': '332288084',
          'name': 'L1',
          'organism': 'Zalophus californianus papillomavirus 1',
        },
        <class 'dict'> {
          'accession': 'YP_004646337.1',
          'gi': '338209364',
          'name': 'L1',
          'organism': 'Macaca fascicularis papillomavirus 2',
        },
        <class 'dict'> {
          'accession': 'YP_004646343.1',
          'gi': '338209371',
          'name': 'L1',
          'organism': 'Colobus guereza papillomavirus type 2',
        },
        <class 'dict'> {
          'accession': 'YP_004857841.1',
          'gi': '347750419',
          'name': 'L1',
          'organism': 'Morelia spilota papillomavirus 1',
        },
        <class 'dict'> {
          'accession': 'YP_004857848.1',
          'gi': '347750427',
          'name': 'L1',
          'organism': 'Canine papillomavirus 8',
        },
        <class 'dict'> {
          'accession': 'YP_004895379.1',
          'gi': '363540895',
          'name': 'L1',
          'organism': 'Canine papillomavirus 9',
        },
        <class 'dict'> {
          'accession': 'YP_004895386.1',
          'gi': '363540903',
          'name': 'unnamed protein product',
          'organism': 'Canine papillomavirus 10',
        },
        <class 'dict'> {
          'accession': 'YP_004934018.1',
          'gi': '358356467',
          'name': 'hypothetical protein',
          'organism': 'Human papillomavirus type 126',
        },
        <class 'dict'> {
          'accession': 'YP_005271222.1',
          'gi': '379059608',
          'name': 'L1 gene product',
          'organism': 'Trichechus manatus latirostris papillomavirus 2',
        },
        <class 'dict'> {
          'accession': 'YP_006202695.1',
          'gi': '386576358',
          'name': 'L1 gene product',
          'organism': 'Papio hamadryas papillomavirus type 1',
        },
        <class 'dict'> {
          'accession': 'YP_006299864.1',
          'gi': '386645027',
          'name': 'unnamed protein product',
          'organism': 'Equine papillomavirus 3',
        },
        <class 'dict'> {
          'accession': 'YP_006393287.1',
          'gi': '389656407',
          'name': 'major capsid protein',
          'organism': 'Human papillomavirus type 135',
        },
        <class 'dict'> {
          'accession': 'YP_006393294.1',
          'gi': '389656415',
          'name': 'major capsid protein',
          'organism': 'Human papillomavirus type 136',
        },
        <class 'dict'> {
          'accession': 'YP_006393301.1',
          'gi': '389656423',
          'name': 'major capsid protein',
          'organism': 'Human papillomavirus type 137',
        },
        <class 'dict'> {
          'accession': 'YP_006393308.1',
          'gi': '389656431',
          'name': 'major capsid protein',
          'organism': 'Human papillomavirus type 140',
        },
        <class 'dict'> {
          'accession': 'YP_006393315.1',
          'gi': '389656439',
          'name': 'major capsid protein',
          'organism': 'Human papillomavirus type 144',
        },
        <class 'dict'> {
          'accession': 'YP_006470627.1',
          'gi': '392283764',
          'name': 'L1 protein',
          'organism': 'Phocoena phocoena papillomavirus 1',
        },
        <class 'dict'> {
          'accession': 'YP_006470633.1',
          'gi': '392283736',
          'name': 'L1 protein',
          'organism': 'Phocoena phocoena papillomavirus 2',
        },
        <class 'dict'> {
          'accession': 'YP_006470639.1',
          'gi': '392283743',
          'name': 'L1 protein',
          'organism': 'Phocoena phocoena papillomavirus 4',
        },
        <class 'dict'> {
          'accession': 'YP_006666520.1',
          'gi': '404184239',
          'name': 'L1 protein',
          'organism': 'Crocuta crocuta papillomavirus 1',
        },
        <class 'dict'> {
          'accession': 'YP_006908977.1',
          'gi': '410493709',
          'name': 'L1',
          'organism': 'Human papillomavirus type 166',
        },
        <class 'dict'> {
          'accession': 'YP_007195270.1',
          'gi': '430025793',
          'name': 'L1',
          'organism': 'Canine papillomavirus 14',
        },
        <class 'dict'> {
          'accession': 'YP_007349388.1',
          'gi': '448261098',
          'name': 'L1',
          'organism': 'Equus ferus caballus papillomavirus type 5',
        },
        <class 'dict'> {
          'accession': 'YP_007349395.1',
          'gi': '448261106',
          'name': 'L1',
          'organism': 'Equus ferus caballus papillomavirus type 4',
        },
        <class 'dict'> {
          'accession': 'YP_007518497.1',
          'gi': '470457106',
          'name': 'putative L1 late protein',
          'organism': 'Equine papillomavirus type 6',
        },
        <class 'dict'> {
          'accession': 'YP_007518504.1',
          'gi': '470457146',
          'name': 'putative L1 protein',
          'organism': 'Equus ferus caballus papillomavirus type 7',
        },
        <class 'dict'> {
          'accession': 'YP_008083111.1',
          'gi': '511534179',
          'name': 'L1',
          'organism': 'Felis catus papillomavirus 3',
        },
        <class 'dict'> {
          'accession': 'YP_008083737.1',
          'gi': '512721873',
          'name': 'L1',
          'organism': 'Human papillomavirus type 154',
        },
        <class 'dict'> {
          'accession': 'YP_008378672.1',
          'gi': '529217053',
          'name': 'L1',
          'organism': 'Rangifer tarandus papillomavirus 2',
        },
        <class 'dict'> {
          'accession': 'YP_008433331.1',
          'gi': '530787713',
          'name': 'L1 protein',
          'organism': 'Human papillomavirus',
        },
        <class 'dict'> {
          'accession': 'YP_008519315.1',
          'gi': '538654790',
          'name': 'L1 protein',
          'organism': 'Ferret papillomavirus',
        },
        <class 'dict'> {
          'accession': 'YP_008574816.1',
          'gi': '545302087',
          'name': 'putative L1 protein',
          'organism': 'Felis catus papillomavirus 4',
        },
        <class 'dict'> {
          'accession': 'YP_008720077.1',
          'gi': '556503844',
          'name': 'L1 protein',
          'organism': 'Mesocricetus auratus papillomavirus 1',
        },
        <class 'dict'> {
          'accession': 'YP_008828150.1',
          'gi': '559797732',
          'name': 'L1',
          'organism': 'Human papillomavirus type 167',
        },
        <class 'dict'> {
          'accession': 'YP_008992244.1',
          'gi': '570364817',
          'name': 'L1',
          'organism': 'Castor canadensis papillomavirus type 1',
        },
        <class 'dict'> {
          'accession': 'YP_164627.1',
          'gi': '56698755',
          'name': 'major capsid protein',
          'organism': 'Trichechus manatus papillomavirus 1',
        },
        <class 'dict'> {
          'accession': 'YP_164635.1',
          'gi': '56693043',
          'name': 'L1',
          'organism': 'Canis familiaris papillomavirus 2',
        },
        <class 'dict'> {
          'accession': 'YP_224227.1',
          'gi': '62362153',
          'name': 'major capsid protein',
          'organism': 'Erethizon dorsatum papillomavirus 1',
        },
        <class 'dict'> {
          'accession': 'YP_249604.1',
          'gi': '68304295',
          'name': 'L1',
          'organism': 'Procyon lotor papillomavirus 1',
        },
        <class 'dict'> {
          'accession': 'YP_406565.1',
          'gi': '82547789',
          'name': 'L1 protein',
          'organism': 'Bovine papillomavirus 7',
        },
        <class 'dict'> {
          'accession': 'YP_610959.1',
          'gi': '97331433',
          'name': 'L1',
          'organism': 'Capra hircus papillomavirus 1',
        },
        <class 'dict'> {
          'accession': 'YP_656480.1',
          'gi': '109390375',
          'name': 'L1',
          'organism': 'Tursiops truncatus papillomavirus 2',
        },
        <class 'dict'> {
          'accession': 'YP_656498.1',
          'gi': '109390388',
          'name': 'L1 protein',
          'organism': 'Human papillomavirus type 103',
        },
        <class 'dict'> {
          'accession': 'YP_717906.1',
          'gi': '113200746',
          'name': 'major capsid L1 protein',
          'organism': 'Canine papillomavirus 3',
        },
        <class 'dict'> {
          'accession': 'YP_803393.1',
          'gi': '116536734',
          'name': 'major capsid L1 protein',
          'organism': 'Mastomys coucha papillomavirus 2',
        },
        <class 'dict'> {
          'accession': 'YP_873945.1',
          'gi': '118129787',
          'name': 'L1',
          'organism': 'Micromys minutus papillomavirus 1',
        },
      ],
      'families': <class 'dict'> {
        'Papillomaviridae': 102,
      },
      'genera': <class 'dict'> {
        'Alphapapillomavirus': 13,
        'Betapapillomavirus': 7,
        'Chipapillomavirus': 2,
        'Deltapapillomavirus': 7,
        'Dyodeltapapillomavirus': 1,
        'Dyoepsilonpapillomavirus': 1,
        'Dyoetapapillomavirus': 1,
        'Dyoiotapapillomavirus': 1,
        'Dyozetapapillomavirus': 1,
        'Epsilonpapillomavirus': 1,
        'Etapapillomavirus': 1,
        'Gammapapillomavirus': 17,
        'Iotapapillomavirus': 1,
        'Kappapapillomavirus': 2,
        'Lambdapapillomavirus': 5,
        'Mupapillomavirus': 2,
        'None': 25,
        'Omegapapillomavirus': 1,
        'Omikronpapillomavirus': 1,
        'Phipapillomavirus': 1,
        'Pipapillomavirus': 3,
        'Rhopapillomavirus': 1,
        'Sigmapapillomavirus': 1,
        'Taupapillomavirus': 1,
        'Thetapapillomavirus': 1,
        'Upsilonpapillomavirus': 2,
        'Xipapillomavirus': 1,
        'Zetapapillomavirus': 1,
      },
      'length': 505,
      'mean_entropy': 0.52,
      'names': <class 'list'> [
        'L1',
        'L1 protein',
        'major capsid protein',
      ],
      'total_entropy': 262.6,
    },
    <class 'dict'> {
      '_id': 'c2uyoYJd',
      'cluster': 100,
      'count': 27,
      'entries': <class 'list'> [
        <class 'dict'> {
          'accession': 'NP_037879.1',
          'gi': '9634340',
          'name': 'ORF119 lef11',
          'organism': 'Spodoptera exigua multiple nucleopolyhedrovirus',
        },
        <class 'dict'> {
          'accession': 'NP_046179.1',
          'gi': '9629961',
          'name': 'hypothetical protein OpmnVgp023',
          'organism': 'Orgyia pseudotsugata multiple nucleopolyhedrovirus',
        },
        <class 'dict'> {
          'accession': 'NP_148842.1',
          'gi': '14602295',
          'name': 'ORF58 LEF-11',
          'organism': 'Cydia pomonella granulovirus',
        },
        <class 'dict'> {
          'accession': 'NP_203190.1',
          'gi': '15320678',
          'name': 'LEF-11',
          'organism': 'Epiphyas postvittana nucleopolyhedrovirus',
        },
        <class 'dict'> {
          'accession': 'NP_258302.1',
          'gi': '15617506',
          'name': 'LEF-11',
          'organism': 'Spodoptera litura nucleopolyhedrovirus',
        },
        <class 'dict'> {
          'accession': 'NP_689322.1',
          'gi': '22549549',
          'name': 'lef11 gene product',
          'organism': 'Mamestra configurata nucleopolyhedrovirus B',
        },
        <class 'dict'> {
          'accession': 'NP_932632.1',
          'gi': '37651436',
          'name': 'late expression factor 11',
          'organism': 'Choristoneura fumiferana DEF multiple nucleopolyhedrovirus',
        },
        <class 'dict'> {
          'accession': 'YP_001036412.1',
          'gi': '125860242',
          'name': 'late expression factor 11',
          'organism': 'Spodoptera frugiperda multiple nucleopolyhedrovirus',
        },
        <class 'dict'> {
          'accession': 'YP_001649033.1',
          'gi': '164519246',
          'name': 'late expression factor-11',
          'organism': 'Helicoverpa armigera granulovirus',
        },
        <class 'dict'> {
          'accession': 'YP_001650965.1',
          'gi': '165969065',
          'name': 'late expression factor 11',
          'organism': 'Orgyia leucostigma NPV',
        },
        <class 'dict'> {
          'accession': 'YP_002268168.1',
          'gi': '209171021',
          'name': 'agip138',
          'organism': 'Agrotis ipsilon multiple nucleopolyhedrovirus',
        },
        <class 'dict'> {
          'accession': 'YP_002273955.1',
          'gi': '209401086',
          'name': 'late expression factor 11',
          'organism': 'Helicoverpa armigera NPV NNg1',
        },
        <class 'dict'> {
          'accession': 'YP_002300530.1',
          'gi': '209978787',
          'name': 'LEF11',
          'organism': 'Adoxophyes orana nucleopolyhedrovirus',
        },
        <class 'dict'> {
          'accession': 'YP_002332822.1',
          'gi': '215401518',
          'name': 'LEF-11',
          'organism': 'Spodoptera litura nucleopolyhedrovirus II',
        },
        <class 'dict'> {
          'accession': 'YP_006292.1',
          'gi': '46309402',
          'name': 'ORF52',
          'organism': 'Agrotis segetum granulovirus',
        },
        <class 'dict'> {
          'accession': 'YP_006607864.1',
          'gi': '402502206',
          'name': 'late expression factor 11',
          'organism': 'Apocheima cinerarium nucleopolyhedrovirus',
        },
        <class 'dict'> {
          'accession': 'YP_006908565.1',
          'gi': '410493627',
          'name': 'late expression factor 11',
          'organism': 'Epinotia aporema granulovirus',
        },
        <class 'dict'> {
          'accession': 'YP_007250447.1',
          'gi': '438000342',
          'name': 'lef-11 protein',
          'organism': 'Thysanoplusia orichalcea nucleopolyhedrovirus',
        },
        <class 'dict'> {
          'accession': 'YP_008378244.1',
          'gi': '529218081',
          'name': 'lef11',
          'organism': 'Hemileuca sp. nucleopolyhedrovirus',
        },
        <class 'dict'> {
          'accession': 'YP_008378482.1',
          'gi': '529153442',
          'name': 'LEF-11',
          'organism': 'Choristoneura rosaceana alphabaculovirus',
        },
        <class 'dict'> {
          'accession': 'YP_008992219.1',
          'gi': '571031322',
          'name': 'lef11',
          'organism': 'Choristoneura murinana alphabaculovirus',
        },
        <class 'dict'> {
          'accession': 'YP_473316.1',
          'gi': '86355648',
          'name': 'LEF11',
          'organism': 'Hyphantria cunea nucleopolyhedrovirus',
        },
        <class 'dict'> {
          'accession': 'YP_529801.1',
          'gi': '90592848',
          'name': 'LEF-11',
          'organism': 'Agrotis segetum nucleopolyhedrovirus',
        },
        <class 'dict'> {
          'accession': 'YP_611161.1',
          'gi': '99077901',
          'name': 'lef-11',
          'organism': 'Antheraea pernyi nucleopolyhedrovirus',
        },
        <class 'dict'> {
          'accession': 'YP_803418.1',
          'gi': '116326093',
          'name': 'late expression factor 11',
          'organism': 'Anticarsia gemmatalis nucleopolyhedrovirus',
        },
        <class 'dict'> {
          'accession': 'YP_874218.1',
          'gi': '118197507',
          'name': 'late expression factor 11',
          'organism': 'Ectropis obliqua nucleopolyhedrovirus',
        },
        <class 'dict'> {
          'accession': 'YP_950756.1',
          'gi': '119964560',
          'name': 'late expression factor-11',
          'organism': 'Maruca vitrata nucleopolyhedrovirus',
        },
      ],
      'families': <class 'dict'> {
        'Baculoviridae': 23,
      },
      'genera': <class 'dict'> {
        'Alphabaculovirus': 19,
        'Betabaculovirus': 4,
      },
      'length': 122,
      'mean_entropy': 0.53,
      'names': <class 'list'> [
        'late expression factor 11',
        'LEF-11',
        'lef11',
      ],
      'total_entropy': 64.66,
    },
    <class 'dict'> {
      '_id': '5NxTrGkY',
      'cluster': 1000,
      'count': 6,
      'entries': <class 'list'> [
        <class 'dict'> {
          'accession': 'NP_039823.1',
          'gi': '9625573',
          'name': 'hypothetical protein DHBVgp5',
          'organism': 'Duck hepatitis B virus',
        },
        <class 'dict'> {
          'accession': 'NP_040999.1',
          'gi': '9626722',
          'name': 'large surface antigen',
          'organism': 'Heron hepatitis B virus',
        },
        <class 'dict'> {
          'accession': 'YP_008052554.1',
          'gi': '508182035',
          'name': 'hypothetical protein PGCG_00236',
          'organism': 'Phaeocystis globosa virus',
        },
        <class 'dict'> {
          'accession': 'YP_024969.1',
          'gi': '48696607',
          'name': 'surface protein',
          'organism': "Ross's goose hepatitis B virus",
        },
        <class 'dict'> {
          'accession': 'YP_024975.1',
          'gi': '48696571',
          'name': 'preS protein',
          'organism': 'Sheldgoose hepatitis B virus',
        },
        <class 'dict'> {
          'accession': 'YP_031696.1',
          'gi': '49247996',
          'name': 'preS antigen',
          'organism': 'Snow goose hepatitis B virus',
        },
      ],
      'families': <class 'dict'> {
        'Hepadnaviridae': 5,
        'Phycodnaviridae': 1,
      },
      'genera': <class 'dict'> {
        'Avihepadnavirus': 2,
        'None': 3,
        'Prymnesiovirus': 1,
      },
      'length': 337,
      'mean_entropy': 0.5,
      'names': <class 'list'> [
        'preS protein',
        'hypothetical protein DHBVgp5',
        'surface protein',
      ],
      'total_entropy': 168.5,
    },
  ]
---
