// Jest Snapshot v1, https://goo.gl/fbAQLP

exports[`<SoftwareInstall /> should render 1`] = `
<Modal
  label="Software Update"
  onHide={[MockFunction]}
  show={true}
>
  <ModalHeader>
    Software Update 
    <Label>
      test
    </Label>
  </ModalHeader>
  <InstallTask
    0="one"
    1="two"
    2="three"
    size={1024}
    updating={false}
  />
</Modal>
`;
