// Jest Snapshot v1, https://goo.gl/fbAQLP

exports[`<SoftwareUpdateViewer /> should render placeholder when [releases=null] 1`] = `<LoadingPlaceholder />`;

exports[`<SoftwareUpdateViewer /> should render when releases available 1`] = `
<div
  className="settings-container"
>
  <h5>
    <strong>
      Software Updates
    </strong>
  </h5>
  <Viewer__ReleaseChannel>
    <Connect(Releases) />
    <Viewer__StyledChannels>
      <Connect(SoftwareChannels) />
    </Viewer__StyledChannels>
  </Viewer__ReleaseChannel>
</div>
`;
