// Jest Snapshot v1, https://goo.gl/fbAQLP

exports[`<SoftwareUpdateViewer /> should render 1`] = `
<Viewer__StyledSoftwareUpdateViewer>
  <Connect(Releases) />
  <Connect(SoftwareChannels) />
</Viewer__StyledSoftwareUpdateViewer>
`;

exports[`<SoftwareUpdateViewer /> should render LoadingPlaceholder when loading 1`] = `<LoadingPlaceholder />`;
