# serializer version: 1
# name: test_apply_revisions
  list([
    dict({
      'applied_at': datetime,
      'created_at': datetime,
      'id': 1,
      'name': 'Add missing schemas',
      'revision': 'e694fb270acb',
    }),
    dict({
      'applied_at': datetime,
      'created_at': datetime,
      'id': 2,
      'name': 'upgrade file size types',
      'revision': '90bf491700cb',
    }),
    dict({
      'applied_at': datetime,
      'created_at': datetime,
      'id': 3,
      'name': 'Add space table and columns',
      'revision': '8af76adc9706',
    }),
    dict({
      'applied_at': datetime,
      'created_at': datetime,
      'id': 4,
      'name': 'Add groups table',
      'revision': '7bd75961d130',
    }),
    dict({
      'applied_at': datetime,
      'created_at': datetime,
      'id': 5,
      'name': 'Fix group permission type',
      'revision': '011389a5ae19',
    }),
    dict({
      'applied_at': datetime,
      'created_at': datetime,
      'id': 6,
      'name': 'Create ML model tables.',
      'revision': '814389ec5021',
    }),
    dict({
      'applied_at': datetime,
      'created_at': datetime,
      'id': 7,
      'name': 'Add ML model release size',
      'revision': 'f8ad70032e9c',
    }),
    dict({
      'applied_at': datetime,
      'created_at': datetime,
      'id': 8,
      'name': 'add users table',
      'revision': '4104346698df',
    }),
    dict({
      'applied_at': datetime,
      'created_at': datetime,
      'id': 9,
      'name': 'rename users table primary_group to primary_group_id',
      'revision': '8f3810c1c2c9',
    }),
    dict({
      'applied_at': datetime,
      'created_at': datetime,
      'id': 10,
      'name': 'repair schema',
      'revision': '77be1d95da09',
    }),
    dict({
      'applied_at': datetime,
      'created_at': datetime,
      'id': 11,
      'name': 'update user schema',
      'revision': '5df816cef12f',
    }),
    dict({
      'applied_at': datetime,
      'created_at': datetime,
      'id': 12,
      'name': 'add user email',
      'revision': '141c7ecb99b7',
    }),
    dict({
      'applied_at': datetime,
      'created_at': datetime,
      'id': 13,
      'name': 'Add analysis results table',
      'revision': 'b79c1e6cf56c',
    }),
    dict({
      'applied_at': datetime,
      'created_at': datetime,
      'id': 14,
      'name': 'ensure user handle uniqueness',
      'revision': 'bc0ae38a70bb',
    }),
    dict({
      'applied_at': datetime,
      'created_at': datetime,
      'id': 15,
      'name': 'add history_diffs table',
      'revision': '86d4e93bb0bd',
    }),
    dict({
      'applied_at': datetime,
      'created_at': datetime,
      'id': 16,
      'name': 'add administrator_role to users',
      'revision': 'c4d8f879657f',
    }),
    dict({
      'applied_at': datetime,
      'created_at': datetime,
      'id': 17,
      'name': 'add task acquisition columns',
      'revision': '189732b1ff59',
    }),
    dict({
      'applied_at': datetime,
      'created_at': datetime,
      'id': 18,
      'name': 'make user password non-nullable',
      'revision': 'd34e5f8a1b2c',
    }),
    dict({
      'applied_at': datetime,
      'created_at': datetime,
      'id': 19,
      'name': 'add case insensitive unique index on user handle',
      'revision': 'a23d6af751b3',
    }),
    dict({
      'applied_at': datetime,
      'created_at': datetime,
      'id': 20,
      'name': 'add sessions table',
      'revision': '1c57bca78c4c',
    }),
    dict({
      'applied_at': datetime,
      'created_at': datetime,
      'id': 21,
      'name': 'create job tables',
      'revision': 'fd093be5e5c3',
    }),
    dict({
      'applied_at': datetime,
      'created_at': datetime,
      'id': 22,
      'name': 'copy jobs to postgres',
      'revision': 'xtwxolun286s',
    }),
    dict({
      'applied_at': datetime,
      'created_at': datetime,
      'id': 23,
      'name': 'add job query indexes',
      'revision': '998195bd5a8b',
    }),
    dict({
      'applied_at': datetime,
      'created_at': datetime,
      'id': 24,
      'name': 'drop b2c columns from users',
      'revision': 'bd1ffbecfce5',
    }),
    dict({
      'applied_at': datetime,
      'created_at': datetime,
      'id': 25,
      'name': 'backfill user ids to integers',
      'revision': 'ie7r3vdaf5mu',
    }),
    dict({
      'applied_at': datetime,
      'created_at': datetime,
      'id': 26,
      'name': 'add archived to references',
      'revision': 'g2cecswiq3r2',
    }),
    dict({
      'applied_at': datetime,
      'created_at': datetime,
      'id': 27,
      'name': 'rename pathoscope bowtie to pathoscope',
      'revision': '3g8rzbqj6k69',
    }),
    dict({
      'applied_at': datetime,
      'created_at': datetime,
      'id': 28,
      'name': 'drop unused mongo files collection',
      'revision': 'wsopnh02rvet',
    }),
    dict({
      'applied_at': datetime,
      'created_at': datetime,
      'id': 29,
      'name': 'drop unused mongo collections',
      'revision': 'k9s3n2p7x4qa',
    }),
    dict({
      'applied_at': datetime,
      'created_at': datetime,
      'id': 30,
      'name': 'create caches table',
      'revision': 'c3a7e9b4d1f2',
    }),
    dict({
      'applied_at': datetime,
      'created_at': datetime,
      'id': 31,
      'name': 'enforce single active instance message',
      'revision': '6d7a80c99db7',
    }),
    dict({
      'applied_at': datetime,
      'created_at': datetime,
      'id': 32,
      'name': 'add uploads user_id',
      'revision': 'd7f8f4569939',
    }),
    dict({
      'applied_at': datetime,
      'created_at': datetime,
      'id': 33,
      'name': 'drop uploads user column',
      'revision': 'a4f9c1e82b56',
    }),
    dict({
      'applied_at': datetime,
      'created_at': datetime,
      'id': 34,
      'name': 'add instance_messages user_id',
      'revision': 'c24b524f77e3',
    }),
    dict({
      'applied_at': datetime,
      'created_at': datetime,
      'id': 35,
      'name': 'create settings table',
      'revision': 'd16de6e24788',
    }),
    dict({
      'applied_at': datetime,
      'created_at': datetime,
      'id': 36,
      'name': 'copy settings to postgres',
      'revision': 'q928h2q03qmp',
    }),
    dict({
      'applied_at': datetime,
      'created_at': datetime,
      'id': 37,
      'name': 'strip imported_from to upload id',
      'revision': 'lut29ur1nc8w',
    }),
    dict({
      'applied_at': datetime,
      'created_at': datetime,
      'id': 38,
      'name': 'create api_keys table',
      'revision': '12c20b71cffc',
    }),
    dict({
      'applied_at': datetime,
      'created_at': datetime,
      'id': 39,
      'name': 'copy api keys to postgres',
      'revision': '31su1xw351h2',
    }),
    dict({
      'applied_at': datetime,
      'created_at': datetime,
      'id': 40,
      'name': 'backfill nested user ids in status and references',
      'revision': '6k51od8ta28a',
    }),
    dict({
      'applied_at': datetime,
      'created_at': datetime,
      'id': 41,
      'name': 're-backfill user ids to integers',
      'revision': 'nmqvw9wu298b',
    }),
    dict({
      'applied_at': datetime,
      'created_at': datetime,
      'id': 42,
      'name': 'backfill subtraction user ids',
      'revision': 'x602yxtuaeg5',
    }),
    dict({
      'applied_at': datetime,
      'created_at': datetime,
      'id': 43,
      'name': 'create analyses table',
      'revision': '5cb4e85e013f',
    }),
    dict({
      'applied_at': datetime,
      'created_at': datetime,
      'id': 44,
      'name': 'drop dormant sample cache tables',
      'revision': '7ea2f370163c',
    }),
    dict({
      'applied_at': datetime,
      'created_at': datetime,
      'id': 45,
      'name': 'drop dead migrations settings and keys mongo collections',
      'revision': 'mhemgwig928w',
    }),
    dict({
      'applied_at': datetime,
      'created_at': datetime,
      'id': 46,
      'name': 'drop users mongo collection',
      'revision': 'vm9nfmtwgrv9',
    }),
    dict({
      'applied_at': datetime,
      'created_at': datetime,
      'id': 47,
      'name': 'drop groups mongo collection',
      'revision': '3mwt95y6wx5o',
    }),
    dict({
      'applied_at': datetime,
      'created_at': datetime,
      'id': 48,
      'name': 'switch analyses to integer id with legacy_id',
      'revision': '1e6490edc217',
    }),
    dict({
      'applied_at': datetime,
      'created_at': datetime,
      'id': 49,
      'name': 'copy analyses to postgres',
      'revision': '1nl7v191h0ba',
    }),
    dict({
      'applied_at': datetime,
      'created_at': datetime,
      'id': 50,
      'name': 'create subtractions table',
      'revision': 'f4624eb353b7',
    }),
    dict({
      'applied_at': datetime,
      'created_at': datetime,
      'id': 51,
      'name': 'add subtraction_files subtraction_id',
      'revision': '895d6315a838',
    }),
    dict({
      'applied_at': datetime,
      'created_at': datetime,
      'id': 52,
      'name': 'add active tasks index',
      'revision': 'f95b556b3adc',
    }),
    dict({
      'applied_at': datetime,
      'created_at': datetime,
      'id': 53,
      'name': 'copy subtractions to postgres',
      'revision': 'ztd04qgecm9a',
    }),
    dict({
      'applied_at': datetime,
      'created_at': datetime,
      'id': 54,
      'name': 'create legacy hmm status table',
      'revision': 'd12be6ff40c1',
    }),
    dict({
      'applied_at': datetime,
      'created_at': datetime,
      'id': 55,
      'name': 're-backfill subtractions to postgres',
      'revision': 'eta57bpbxmn1',
    }),
    dict({
      'applied_at': datetime,
      'created_at': datetime,
      'id': 56,
      'name': 'create hmms table',
      'revision': 'd28bebf9934b',
    }),
    dict({
      'applied_at': datetime,
      'created_at': datetime,
      'id': 57,
      'name': 'copy hmm status to postgres',
      'revision': 'ld2t6tbwulbd',
    }),
    dict({
      'applied_at': datetime,
      'created_at': datetime,
      'id': 58,
      'name': 'repair null subtraction upload ids',
      'revision': 'n2adlt6ch803',
    }),
    dict({
      'applied_at': datetime,
      'created_at': datetime,
      'id': 59,
      'name': 'add caches last_accessed_at index',
      'revision': '840040ca7266',
    }),
    dict({
      'applied_at': datetime,
      'created_at': datetime,
      'id': 60,
      'name': 'copy hmm annotations to postgres',
      'revision': '6v3b3vunad16',
    }),
    dict({
      'applied_at': datetime,
      'created_at': datetime,
      'id': 61,
      'name': 'convert administrator_role to text',
      'revision': '997cf9a66f10',
    }),
    dict({
      'applied_at': datetime,
      'created_at': datetime,
      'id': 62,
      'name': 'backfill legacy inline history diffs to postgres',
      'revision': 'an1no64kah8t',
    }),
    dict({
      'applied_at': datetime,
      'created_at': datetime,
      'id': 63,
      'name': 'convert analysis_files and nuvs_blast to integer analysis fks',
      'revision': 'f51a03fa6f9a',
    }),
    dict({
      'applied_at': datetime,
      'created_at': datetime,
      'id': 64,
      'name': 'create legacy_history table',
      'revision': '743a03e550e0',
    }),
    dict({
      'applied_at': datetime,
      'created_at': datetime,
      'id': 65,
      'name': 'add subtraction_files subtraction_id name unique constraint',
      'revision': 'e31c352fd114',
    }),
    dict({
      'applied_at': datetime,
      'created_at': datetime,
      'id': 66,
      'name': 'finalize subtraction_files shuffle',
      'revision': '482fb0891b9b',
    }),
    dict({
      'applied_at': datetime,
      'created_at': datetime,
      'id': 67,
      'name': 'rename legacy_history reference columns to bare names',
      'revision': 'adea254e2c31',
    }),
    dict({
      'applied_at': datetime,
      'created_at': datetime,
      'id': 68,
      'name': 'create analysis_subtractions table',
      'revision': '0536aee705e9',
    }),
    dict({
      'applied_at': datetime,
      'created_at': datetime,
      'id': 69,
      'name': 'backfill analysis_subtractions from jsonb',
      'revision': 'eb5cf4abd58a',
    }),
    dict({
      'applied_at': datetime,
      'created_at': datetime,
      'id': 70,
      'name': 'drop analyses subtractions column',
      'revision': '869aa923399e',
    }),
    dict({
      'applied_at': datetime,
      'created_at': datetime,
      'id': 71,
      'name': 'backfill samples subtractions to integers',
      'revision': '24ysb9cwjiv1',
    }),
    dict({
      'applied_at': datetime,
      'created_at': datetime,
      'id': 72,
      'name': 'convert session_type to text',
      'revision': '90330f98cf4e',
    }),
    dict({
      'applied_at': datetime,
      'created_at': datetime,
      'id': 73,
      'name': 'drop job_subtractions table',
      'revision': '2b53ffa573a3',
    }),
    dict({
      'applied_at': datetime,
      'created_at': datetime,
      'id': 74,
      'name': 'replace uploadtype enum with text check',
      'revision': 'ed265b939a84',
    }),
    dict({
      'applied_at': datetime,
      'created_at': datetime,
      'id': 75,
      'name': 'purge iimi analyses',
      'revision': 'icp41e0o5dwn',
    }),
    dict({
      'applied_at': datetime,
      'created_at': datetime,
      'id': 76,
      'name': 'create legacy_samples table',
      'revision': 'edacc4a083f1',
    }),
    dict({
      'applied_at': datetime,
      'created_at': datetime,
      'id': 77,
      'name': 'drop analyses ml_id column',
      'revision': '95ca6fc2a5db',
    }),
    dict({
      'applied_at': datetime,
      'created_at': datetime,
      'id': 78,
      'name': 'copy history to postgres',
      'revision': 'iltemfg2gul8',
    }),
    dict({
      'applied_at': datetime,
      'created_at': datetime,
      'id': 79,
      'name': 'drop ml model tables',
      'revision': '14c5bc110756',
    }),
    dict({
      'applied_at': datetime,
      'created_at': datetime,
      'id': 80,
      'name': 'delete ml model blobs',
      'revision': 't15v503oih88',
    }),
    dict({
      'applied_at': datetime,
      'created_at': datetime,
      'id': 81,
      'name': 're-key history diffs to legacy_history_diff',
      'revision': 'a329dfd5ba23',
    }),
    dict({
      'applied_at': datetime,
      'created_at': datetime,
      'id': 82,
      'name': 'create references table',
      'revision': 'a73a2668403f',
    }),
    dict({
      'applied_at': datetime,
      'created_at': datetime,
      'id': 83,
      'name': 'backfill samples group ids to integers',
      'revision': 'bfzcj3gxn2dd',
    }),
    dict({
      'applied_at': datetime,
      'created_at': datetime,
      'id': 84,
      'name': 'copy samples to postgres',
      'revision': '4wxjh2cjere5',
    }),
    dict({
      'applied_at': datetime,
      'created_at': datetime,
      'id': 85,
      'name': 'drop remove from reference rights tables',
      'revision': '425ac8573f1c',
    }),
    dict({
      'applied_at': datetime,
      'created_at': datetime,
      'id': 86,
      'name': 'require reference user and drop rights created_at',
      'revision': 'fe83de8410d3',
    }),
    dict({
      'applied_at': datetime,
      'created_at': datetime,
      'id': 87,
      'name': 'add analyses sample_id',
      'revision': '1f4e528c2149',
    }),
    dict({
      'applied_at': datetime,
      'created_at': datetime,
      'id': 88,
      'name': 'backfill analyses sample ids to integers',
      'revision': 'b4qhmbisvbn3',
    }),
    dict({
      'applied_at': datetime,
      'created_at': datetime,
      'id': 89,
      'name': 'copy references to postgres',
      'revision': 't4u44jre75a0',
    }),
    dict({
      'applied_at': datetime,
      'created_at': datetime,
      'id': 90,
      'name': 'add sample_id to sample files',
      'revision': 'c980043c0c89',
    }),
    dict({
      'applied_at': datetime,
      'created_at': datetime,
      'id': 91,
      'name': 'add reference_id to analyses and legacy_history',
      'revision': '91b32f49a8b2',
    }),
    dict({
      'applied_at': datetime,
      'created_at': datetime,
      'id': 92,
      'name': 'purge orphaned references',
      'revision': '0uwpffz8adx0',
    }),
    dict({
      'applied_at': datetime,
      'created_at': datetime,
      'id': 93,
      'name': 'backfill reference ids to integers',
      'revision': 'xgqo66avrcdh',
    }),
    dict({
      'applied_at': datetime,
      'created_at': datetime,
      'id': 94,
      'name': 'complete update_sample_workflows task rows',
      'revision': '0fhc2sfnpu9v',
    }),
    dict({
      'applied_at': datetime,
      'created_at': datetime,
      'id': 95,
      'name': 'add legacy_samples job_id unique constraint',
      'revision': 'df76f45e6f0e',
    }),
    dict({
      'applied_at': datetime,
      'created_at': datetime,
      'id': 96,
      'name': 'make legacy history reference nullable',
      'revision': '48aa4cef7b47',
    }),
    dict({
      'applied_at': datetime,
      'created_at': datetime,
      'id': 97,
      'name': 'backfill embedded reference ids to integers',
      'revision': 'a5hg3lbp6rz1',
    }),
    dict({
      'applied_at': datetime,
      'created_at': datetime,
      'id': 98,
      'name': 'backfill embedded index reference ids to integers',
      'revision': 'tr3p2obxndjm',
    }),
    dict({
      'applied_at': datetime,
      'created_at': datetime,
      'id': 99,
      'name': 'compare reference rights',
      'revision': 'td1a0rtqlp32',
    }),
    dict({
      'applied_at': datetime,
      'created_at': datetime,
      'id': 100,
      'name': 'create sample uploads table',
      'revision': '1ffbe2dcb108',
    }),
    dict({
      'applied_at': datetime,
      'created_at': datetime,
      'id': 101,
      'name': 'backfill sample uploads to postgres',
      'revision': 'n03aryu6frku',
    }),
    dict({
      'applied_at': datetime,
      'created_at': datetime,
      'id': 102,
      'name': 'backfill null index tasks',
      'revision': 'b4st1kx9mj2q',
    }),
    dict({
      'applied_at': datetime,
      'created_at': datetime,
      'id': 103,
      'name': 'create otus and sequences tables',
      'revision': '8bbc31ae5a8a',
    }),
    dict({
      'applied_at': datetime,
      'created_at': datetime,
      'id': 104,
      'name': 'add sequence isolate_id and segment columns and otu reference_id index',
      'revision': '5de38ebeaa78',
    }),
    dict({
      'applied_at': datetime,
      'created_at': datetime,
      'id': 105,
      'name': 'add position to legacy sequences',
      'revision': 'f8aa696aa0d3',
    }),
    dict({
      'applied_at': datetime,
      'created_at': datetime,
      'id': 106,
      'name': 'backfill sequence positions',
      'revision': '381mcji9pkiw',
    }),
    dict({
      'applied_at': datetime,
      'created_at': datetime,
      'id': 107,
      'name': 'compare sequence positions',
      'revision': 'irulhq4gaihg',
    }),
    dict({
      'applied_at': datetime,
      'created_at': datetime,
      'id': 108,
      'name': 'add otu last indexed version',
      'revision': 'c6fcaf6c86ad',
    }),
    dict({
      'applied_at': datetime,
      'created_at': datetime,
      'id': 109,
      'name': 'copy otus and sequences to postgres',
      'revision': 'gkdk4xtpkwi2',
    }),
    dict({
      'applied_at': datetime,
      'created_at': datetime,
      'id': 110,
      'name': 'compare otu and sequence stores',
      'revision': 'z5qtj25mylrj',
    }),
    dict({
      'applied_at': datetime,
      'created_at': datetime,
      'id': 111,
      'name': 'reconcile otus and sequences',
      'revision': 'ztimons6l9au',
    }),
    dict({
      'applied_at': datetime,
      'created_at': datetime,
      'id': 112,
      'name': 'repair string otu created at',
      'revision': 'yok1ouqta8nf',
    }),
    dict({
      'applied_at': datetime,
      'created_at': datetime,
      'id': 113,
      'name': 'compare otu and sequence stores',
      'revision': 't96ls24modzv',
    }),
    dict({
      'applied_at': datetime,
      'created_at': datetime,
      'id': 114,
      'name': 'create indexes table',
      'revision': '6ffca63a8b95',
    }),
    dict({
      'applied_at': datetime,
      'created_at': datetime,
      'id': 115,
      'name': 'relax indexes job-or-task constraint',
      'revision': 'aaac048795ba',
    }),
    dict({
      'applied_at': datetime,
      'created_at': datetime,
      'id': 116,
      'name': 'copy indexes to postgres',
      'revision': '9ws3adnisz85',
    }),
    dict({
      'applied_at': datetime,
      'created_at': datetime,
      'id': 117,
      'name': 'compare index stores',
      'revision': 'wcpztunkc49f',
    }),
    dict({
      'applied_at': datetime,
      'created_at': datetime,
      'id': 118,
      'name': 'add index_files index_id',
      'revision': '89a96e2f4db3',
    }),
    dict({
      'applied_at': datetime,
      'created_at': datetime,
      'id': 119,
      'name': 'finalize index_files index_id',
      'revision': 'f61c6dbf7ff6',
    }),
    dict({
      'applied_at': datetime,
      'created_at': datetime,
      'id': 120,
      'name': 'add index_id to analyses',
      'revision': '1f020bfe6b18',
    }),
    dict({
      'applied_at': datetime,
      'created_at': datetime,
      'id': 121,
      'name': 'backfill analyses index ids to integers',
      'revision': 'bn8b4pzfvokk',
    }),
    dict({
      'applied_at': datetime,
      'created_at': datetime,
      'id': 122,
      'name': 'add index_id to legacy_history',
      'revision': 'c3741294977e',
    }),
    dict({
      'applied_at': datetime,
      'created_at': datetime,
      'id': 123,
      'name': 'backfill history index ids to integers',
      'revision': 'x7lwnf9zk6mt',
    }),
    dict({
      'applied_at': datetime,
      'created_at': datetime,
      'id': 124,
      'name': 'replace messagecolor enum with text check',
      'revision': '241675dea96f',
    }),
    dict({
      'applied_at': datetime,
      'created_at': datetime,
      'id': 125,
      'name': 'drop job_samples table',
      'revision': '78c7c7feb2dd',
    }),
    dict({
      'applied_at': datetime,
      'created_at': datetime,
      'id': 126,
      'name': 'drop users invalidate_sessions column',
      'revision': '3ba1bccd88e1',
    }),
    dict({
      'applied_at': datetime,
      'created_at': datetime,
      'id': 127,
      'name': 'drop legacy_history index_version',
      'revision': 'c976a55c3382',
    }),
    dict({
      'applied_at': datetime,
      'created_at': datetime,
      'id': 128,
      'name': 'add storage_key to samples and subtractions',
      'revision': '5b86749d13eb',
    }),
  ])
# ---
