// Jest Snapshot v1, https://goo.gl/fbAQLP

exports[`<Subtraction /> should render 1`] = `
<Container>
  <Container__NarrowContainer>
    <Switch>
      <Route
        component={
          Object {
            "$$typeof": Symbol(react.memo),
            "WrappedComponent": [Function],
            "compare": null,
            "displayName": "Connect(SubtractionList)",
            "type": [Function],
          }
        }
        exact={true}
        path="/subtraction"
      />
      <Route
        component={[Function]}
        path="/subtraction/files"
      />
      <Route
        component={
          Object {
            "$$typeof": Symbol(react.memo),
            "WrappedComponent": [Function],
            "compare": null,
            "displayName": "Connect(SubtractionDetail)",
            "type": [Function],
          }
        }
        path="/subtraction/:subtractionId"
      />
    </Switch>
  </Container__NarrowContainer>
</Container>
`;

exports[`<SubtractionFileManager /> should render 1`] = `
<Connect(FileManager)
  fileType="subtraction"
/>
`;
