# serializer version: 1
# name: test_create[job]
  dict({
    '_id': 'bf1b993c',
    'acquired': False,
    'archived': False,
    'args': dict({
      'files': list([
        dict({
          'id': 1,
          'name': 'test.fq.gz',
        }),
      ]),
      'subtraction_id': 'fb085f7f',
    }),
    'key': None,
    'ping': None,
    'rights': dict({
    }),
    'space': dict({
      'id': 0,
    }),
    'state': 'waiting',
    'status': list([
      dict({
        'error': None,
        'progress': 0,
        'stage': None,
        'state': 'waiting',
        'step_description': None,
        'step_name': None,
      }),
    ]),
    'user': dict({
      'id': 'fb085f7f',
    }),
    'workflow': 'create_subtraction',
  })
# ---
# name: test_create[resp]
  dict({
    'count': None,
    'created_at': 'approximately_now_isoformat',
    'file': dict({
      'id': 1,
      'name': 'test.fq.gz',
    }),
    'files': list([
    ]),
    'gc': None,
    'id': 'fb085f7f',
    'job': None,
    'linked_samples': list([
    ]),
    'name': 'Calamus',
    'nickname': 'Rim Palm',
    'ready': False,
    'user': dict({
      'handle': 'bob',
      'id': 'fb085f7f',
    }),
  })
# ---
# name: test_find_empty_subtractions
  dict({
    'documents': list([
    ]),
    'found_count': 0,
    'page': 1,
    'page_count': 0,
    'per_page': 25,
    'ready_count': 0,
    'total_count': 0,
  })
# ---
