// Jest Snapshot v1, https://goo.gl/fbAQLP

exports[`<SampleRights /> should render 1`] = `
<Box__BoxGroup>
  <Box__BoxGroupHeader>
    <h2>
      Default Sample Rights
    </h2>
    <p>
      Set the method used to assign groups to new samples and the default rights.
    </p>
  </Box__BoxGroupHeader>
  <Box__BoxGroupSection>
    <label>
      Sample Group
    </label>
    <SampleRights__SampleRightsGroup>
      <SelectBox
        active=""
        onClick={[Function]}
      >
        <strong>
          None
        </strong>
        <p>
          Samples are assigned no group and only
          <em>
             all users'
          </em>
           rights apply
        </p>
      </SelectBox>
      <SelectBox
        active={true}
        onClick={[Function]}
      >
        <strong>
          Force choice
        </strong>
        <p>
          Samples are automatically assigned the creating user's primary group
        </p>
      </SelectBox>
      <SelectBox
        active=""
        onClick={[Function]}
      >
        <strong>
          User's primary group
        </strong>
        <p>
          Samples are assigned by the user in the creation form
        </p>
      </SelectBox>
    </SampleRights__SampleRightsGroup>
    <InputGroup>
      <Input__InputLabel>
        Group Rights
      </Input__InputLabel>
      <Select
        onChange={[Function]}
        value="rw"
      >
        <option
          key="0"
          value=""
        >
          None
        </option>
        <option
          key="1"
          value="r"
        >
          Read
        </option>
        <option
          key="2"
          value="rw"
        >
          Read & write
        </option>
      </Select>
    </InputGroup>
    <InputGroup>
      <Input__InputLabel>
        All Users' Rights
      </Input__InputLabel>
      <Select
        name="all"
        onChange={[Function]}
        value="rw"
      >
        <option
          key="0"
          value=""
        >
          None
        </option>
        <option
          key="1"
          value="r"
        >
          Read
        </option>
        <option
          key="2"
          value="rw"
        >
          Read & write
        </option>
      </Select>
    </InputGroup>
  </Box__BoxGroupSection>
</Box__BoxGroup>
`;
