// Jest Snapshot v1, https://goo.gl/fbAQLP

exports[`<MemberItem /> should render 1`] = `
<MemberItem__StyledMemberItem>
  <MemberItemIcon
    id="bob"
  />
  bob
</MemberItem__StyledMemberItem>
`;

exports[`<MemberItem /> should render with [canModify=true] 1`] = `
<MemberItem__StyledMemberItem>
  <MemberItemIcon
    id="bob"
  />
  bob
  <MemberItem__MemberItemIcons>
    <Icon
      color="orange"
      faStyle="fas"
      fixedWidth={false}
      name="edit"
      onClick={[Function]}
      tip="Modify"
    />
    <Icon
      color="red"
      faStyle="fas"
      fixedWidth={false}
      name="trash"
      onClick={[Function]}
      tip="Remove"
    />
  </MemberItem__MemberItemIcons>
</MemberItem__StyledMemberItem>
`;
