# serializer version: 1
# name: test_upgrade
  list([
    dict({
      '_id': 'a',
      'ping': None,
    }),
    dict({
      '_id': 'b',
      'ping': None,
    }),
    dict({
      '_id': 'c',
      'ping': dict({
        'pinged_at': datetime,
      }),
    }),
    dict({
      '_id': 'd',
      'ping': None,
    }),
  ])
# ---
