// Jest Snapshot v1, https://goo.gl/fbAQLP

exports[`<Pagination /> renders correctly 1`] = `
<div
  className="text-center"
>
  <Pagination
    activePage={3}
    boundaryLinks={false}
    bsClass="pagination"
    ellipsis={true}
    first={true}
    items={20}
    last={true}
    maxButtons={10}
    next={true}
    onSelect={[MockFunction]}
    prev={true}
  />
</div>
`;
