// Jest Snapshot v1, https://goo.gl/fbAQLP

exports[`<Contributor /> should render when count is 1 1`] = `
<Contributors__StyledContributor
  key="bob"
>
  bob
  <Badge>
    1
     change
  </Badge>
</Contributors__StyledContributor>
`;

exports[`<Contributor /> should render when count is 5 1`] = `
<Contributors__StyledContributor
  key="bob"
>
  bob
  <Badge>
    5
     change
    s
  </Badge>
</Contributors__StyledContributor>
`;

exports[`<Contributors /> should render 1`] = `
<Panel>
  <PanelHeading
    bsClass="panel"
    componentClass="div"
  >
    <PanelBadgeHeader
      count={2}
      title="Contributors"
    />
  </PanelHeading>
  <ListGroup
    bsClass="list-group"
  >
    <Contributor
      count={5}
      id="bob"
      key="bob"
    />
    <Contributor
      count={12}
      id="fred"
      key="fred"
    />
  </ListGroup>
</Panel>
`;
