// Jest Snapshot v1, https://goo.gl/fbAQLP

exports[`<IndexItem /> should render 1`] = `
<Box__LinkBox
  to="/refs/foo/indexes/bar"
>
  <Item__IndexItemTop>
    <strong>
      Version 
      0
    </strong>
    <IndexItemChangeDescription
      changeCount={3}
      modifiedCount={5}
    />
    <IndexItemIcon
      id="bar"
      ready={true}
    />
  </Item__IndexItemTop>
  <Attribution
    time="2018-02-14T17:12:00.000000Z"
    user="bob"
  />
</Box__LinkBox>
`;

exports[`<IndexItemChangeDescription /> should render 'No Changes' when changeCount is 0 1`] = `"No changes"`;

exports[`<IndexItemChangeDescription /> should render empty when changeCount is null 1`] = `""`;

exports[`<IndexItemChangeDescription /> should render valid description when changeCount is 1 1`] = `
<span>
  1
   change
   made in 
  3
   OTU
  s
</span>
`;

exports[`<IndexItemChangeDescription /> should render valid description when changeCount is 13 1`] = `
<span>
  13
   change
  s
   made in 
  3
   OTU
  s
</span>
`;

exports[`<IndexItemChangeDescription /> should render valid description when modifiedCount is 1 1`] = `
<span>
  13
   change
  s
   made in 
  1
   OTU
</span>
`;

exports[`<IndexItemIcon /> should render checkmark when active 1`] = `
<Item__StyledIndexItemIcon>
  <Icon
    color="green"
    faStyle="fas"
    fixedWidth={false}
    name="check"
  />
   
  <strong>
    Active
  </strong>
</Item__StyledIndexItemIcon>
`;

exports[`<IndexItemIcon /> should render nothing when ready, but not active 1`] = `""`;

exports[`<IndexItemIcon /> should render spinner when not ready 1`] = `
<Item__StyledIndexItemIcon>
  <Loader
    color="#3c8786"
    size="14px"
  />
  <strong>
     Building
  </strong>
</Item__StyledIndexItemIcon>
`;
