// Jest Snapshot v1, https://goo.gl/fbAQLP

exports[`<Settings /> renders correctly 1`] = `
<div>
  <Row
    bsClass="row"
    componentClass="div"
  >
    <Col
      bsClass="col"
      componentClass="div"
      lg={6}
      md={8}
    >
      <Uncontrolled(Panel)>
        <PanelHeading
          bsClass="panel"
          componentClass="div"
        >
          User Interface
        </PanelHeading>
        <PanelBody
          bsClass="panel"
          collapsible={false}
        >
          <ListGroup
            bsClass="list-group"
          >
            <ListGroupItem
              bsClass="list-group-item"
              listItem={false}
            >
              <Flex
                alignContent="stretch"
                alignItems="stretch"
                direction="row"
                justifyContent="flex-start"
                wrap="nowrap"
              >
                <FlexItem
                  alignSelf={null}
                  basis="auto"
                  grow={0}
                  shrink={1}
                >
                  <Checkbox
                    checked={false}
                    onClick={[Function]}
                    partial={false}
                    pullRight={false}
                  />
                </FlexItem>
                <FlexItem
                  alignSelf={null}
                  basis="auto"
                  grow={0}
                  pad={10}
                  shrink={1}
                >
                  <div>
                    Show Unique ID Fields
                  </div>
                  <small>
                    Show the unique database IDs for Virtool records where possible. This is not required for normal use, but is useful for debugging.
                  </small>
                </FlexItem>
              </Flex>
            </ListGroupItem>
          </ListGroup>
        </PanelBody>
      </Uncontrolled(Panel)>
    </Col>
  </Row>
</div>
`;
