// Jest Snapshot v1, https://goo.gl/fbAQLP

exports[`<ReferenceItemHeader /> should render 1`] = `
<Header__StyledReferenceItemHeader>
  <h2>
    <Header__ReferenceItemHeaderLink
      to="/refs/foo"
    >
      Foo
    </Header__ReferenceItemHeaderLink>
    <LinkIcon
      color="blue"
      name="clone"
      tip="Clone"
      to={
        Object {
          "state": Object {
            "cloneReference": true,
            "id": "foo",
            "newReference": true,
          },
        }
      }
    />
  </h2>
  <p>
    <span>
      <Icon
        faStyle="fas"
        fixedWidth={false}
        name="barcode"
      />
      <Header__ReferenceItemDataDescriptor>
        unknown
         
        genome
        s
      </Header__ReferenceItemDataDescriptor>
      <span>
         organized into 
         OTUs
      </span>
    </span>
    <Attribution
      time="2018-01-01T00:00:00.000000Z"
      user="bob"
    />
  </p>
</Header__StyledReferenceItemHeader>
`;
