// Jest Snapshot v1, https://goo.gl/fbAQLP

exports[`<DropDown /> should render 1`] = `
<DropDown__DropDownMenu
  visible={false}
>
  <a
    href="#"
    onBlur={[Function]}
    onClick={[Function]}
  >
    foo
  </a>
  <DropDown__DropDownContent
    visible={false}
  >
    <Component />
  </DropDown__DropDownContent>
</DropDown__DropDownMenu>
`;
