// Jest Snapshot v1, https://goo.gl/fbAQLP

exports[`<Identicon /> should render correctly 1`] = `
<Identicon__StyledIdenticon
  size={64}
  src="data:image/svg+xml;base64,PHN2ZyB4bWxucz0naHR0cDovL3d3dy53My5vcmcvMjAwMC9zdmcnIHdpZHRoPSc2NCcgaGVpZ2h0PSc2NCcgc3R5bGU9J2JhY2tncm91bmQtY29sb3I6cmdiYSgyNDAsMjQwLDI0MCwxKTsnPjxnIHN0eWxlPSdmaWxsOnJnYmEoNTAsMzgsMjE3LDEpOyBzdHJva2U6cmdiYSg1MCwzOCwyMTcsMSk7IHN0cm9rZS13aWR0aDowLjMyOyc+PHJlY3QgIHg9JzI3JyB5PSczNycgd2lkdGg9JzEwJyBoZWlnaHQ9JzEwJy8+PHJlY3QgIHg9JzE3JyB5PScxNycgd2lkdGg9JzEwJyBoZWlnaHQ9JzEwJy8+PHJlY3QgIHg9JzM3JyB5PScxNycgd2lkdGg9JzEwJyBoZWlnaHQ9JzEwJy8+PHJlY3QgIHg9JzE3JyB5PScyNycgd2lkdGg9JzEwJyBoZWlnaHQ9JzEwJy8+PHJlY3QgIHg9JzM3JyB5PScyNycgd2lkdGg9JzEwJyBoZWlnaHQ9JzEwJy8+PHJlY3QgIHg9JzcnIHk9JzI3JyB3aWR0aD0nMTAnIGhlaWdodD0nMTAnLz48cmVjdCAgeD0nNDcnIHk9JzI3JyB3aWR0aD0nMTAnIGhlaWdodD0nMTAnLz48cmVjdCAgeD0nNycgeT0nNDcnIHdpZHRoPScxMCcgaGVpZ2h0PScxMCcvPjxyZWN0ICB4PSc0NycgeT0nNDcnIHdpZHRoPScxMCcgaGVpZ2h0PScxMCcvPjwvZz48L3N2Zz4="
/>
`;

exports[`<Identicon /> should render with [size=24] 1`] = `
<Identicon__StyledIdenticon
  size={24}
  src="data:image/svg+xml;base64,PHN2ZyB4bWxucz0naHR0cDovL3d3dy53My5vcmcvMjAwMC9zdmcnIHdpZHRoPScyNCcgaGVpZ2h0PScyNCcgc3R5bGU9J2JhY2tncm91bmQtY29sb3I6cmdiYSgyNDAsMjQwLDI0MCwxKTsnPjxnIHN0eWxlPSdmaWxsOnJnYmEoNTAsMzgsMjE3LDEpOyBzdHJva2U6cmdiYSg1MCwzOCwyMTcsMSk7IHN0cm9rZS13aWR0aDowLjEyOyc+PHJlY3QgIHg9JzEwJyB5PScxNCcgd2lkdGg9JzQnIGhlaWdodD0nNCcvPjxyZWN0ICB4PSc2JyB5PSc2JyB3aWR0aD0nNCcgaGVpZ2h0PSc0Jy8+PHJlY3QgIHg9JzE0JyB5PSc2JyB3aWR0aD0nNCcgaGVpZ2h0PSc0Jy8+PHJlY3QgIHg9JzYnIHk9JzEwJyB3aWR0aD0nNCcgaGVpZ2h0PSc0Jy8+PHJlY3QgIHg9JzE0JyB5PScxMCcgd2lkdGg9JzQnIGhlaWdodD0nNCcvPjxyZWN0ICB4PScyJyB5PScxMCcgd2lkdGg9JzQnIGhlaWdodD0nNCcvPjxyZWN0ICB4PScxOCcgeT0nMTAnIHdpZHRoPSc0JyBoZWlnaHQ9JzQnLz48cmVjdCAgeD0nMicgeT0nMTgnIHdpZHRoPSc0JyBoZWlnaHQ9JzQnLz48cmVjdCAgeD0nMTgnIHk9JzE4JyB3aWR0aD0nNCcgaGVpZ2h0PSc0Jy8+PC9nPjwvc3ZnPg=="
/>
`;
