// Jest Snapshot v1, https://goo.gl/fbAQLP

exports[`<RemoveBanner /> renders correctly 1`] = `
<RemoveBanner__StyledRemoveBanner
  color="red"
>
  <strong>
    test
  </strong>
  <Button
    color="red"
    disabled={false}
    icon="trash"
    onClick={[MockFunction]}
    tipPlacement="top"
    type="button"
  >
    Delete
  </Button>
</RemoveBanner__StyledRemoveBanner>
`;
