// Jest Snapshot v1, https://goo.gl/fbAQLP

exports[`<RemoveBanner /> renders correctly 1`] = `
<RemoveBanner__StyledRemoveBanner>
  <span>
    test
  </span>
  <Button
    bsStyle="danger"
    onClick={[MockFunction]}
    pullRight={false}
    tipPlacement="top"
  >
    Delete
  </Button>
</RemoveBanner__StyledRemoveBanner>
`;
