# serializer version: 1
# name: TestGet.test_ok
  dict({
    'archived': False,
    'cloned_from': None,
    'contributors': list([
    ]),
    'created_at': 'approximately_now_isoformat',
    'data_type': 'genome',
    'description': '',
    'groups': list([
    ]),
    'id': 1,
    'imported_from': None,
    'latest_build': dict({
      'created_at': 'approximately_now_isoformat',
      'id': 1,
      'user': dict({
        'handle': 'leeashley',
        'id': 2,
      }),
      'version': 0,
    }),
    'name': 'Bar',
    'organism': 'virus',
    'otu_count': 0,
    'restrict_source_types': False,
    'source_types': list([
      'isolate',
      'strain',
    ]),
    'task': None,
    'unbuilt_change_count': 0,
    'user': dict({
      'handle': 'leeashley',
      'id': 2,
    }),
    'users': list([
      dict({
        'build': True,
        'created_at': 'approximately_now_isoformat',
        'handle': 'leeashley',
        'id': 2,
        'modify': True,
        'modify_otu': True,
      }),
    ]),
  })
# ---
