// Jest Snapshot v1, https://goo.gl/fbAQLP

exports[`<FirstUser /> should render 1`] = `
<Container__WallContainer>
  <FirstUser__FirstUserModal>
    <FirstUser__FirstUserModalHeader>
      <h2>
        Setup User
      </h2>
      <p>
        Create an initial administrative user to start using Virtool.
      </p>
    </FirstUser__FirstUserModalHeader>
    <FirstUser__FirstUserModalBody>
      <form
        onSubmit={[Function]}
      >
        <Input
          autoComplete={true}
          formGroupStyle={Object {}}
          label="Username"
          name="username"
          onChange={[Function]}
          type="text"
          value="foo"
        />
        <Input
          autoComplete={true}
          formGroupStyle={Object {}}
          label="Password"
          name="password"
          onChange={[Function]}
          type="password"
          value="bar"
        />
        <Button
          bsStyle="primary"
          icon="user-plus"
          pullRight={false}
          tipPlacement="top"
          type="submit"
        >
          Create User
        </Button>
      </form>
    </FirstUser__FirstUserModalBody>
  </FirstUser__FirstUserModal>
</Container__WallContainer>
`;
