// Jest Snapshot v1, https://goo.gl/fbAQLP

exports[`<CreateUser /> should render 1`] = `
<Modal
  animation={true}
  autoFocus={true}
  backdrop={true}
  bsClass="modal"
  dialogComponentClass={[Function]}
  enforceFocus={true}
  keyboard={true}
  manager={
    ModalManager {
      "add": [Function],
      "containers": Array [],
      "data": Array [],
      "handleContainerOverflow": true,
      "hideSiblingNodes": true,
      "isTopModal": [Function],
      "modals": Array [],
      "remove": [Function],
    }
  }
  onExited={[Function]}
  onHide={[Function]}
  renderBackdrop={[Function]}
  restoreFocus={true}
  show={false}
>
  <ModalHeader
    bsClass="modal-header"
    closeButton={true}
    closeLabel="Close"
  >
    Create User
  </ModalHeader>
  <form
    onSubmit={[Function]}
  >
    <Create__CreateUserContainer>
      <InputError
        error="foo"
        label="Username"
        name="userId"
        onChange={[Function]}
        value=""
      />
      <Create__CreateUserPasswords>
        <InputError
          error=""
          label="Password"
          name="password"
          onChange={[Function]}
          type="password"
          value=""
        />
        <InputError
          error=""
          label="Confirm"
          name="confirm"
          onChange={[Function]}
          type="password"
          value=""
        />
      </Create__CreateUserPasswords>
      <Checkbox
        checked={false}
        label="Force user to reset password on login"
        onClick={[Function]}
        partial={false}
        pullRight={false}
      />
    </Create__CreateUserContainer>
    <ModalFooter
      bsClass="modal-footer"
      componentClass="div"
    >
      <SaveButton
        pullRight={true}
      />
    </ModalFooter>
  </form>
</Modal>
`;
