// Jest Snapshot v1, https://goo.gl/fbAQLP

exports[`<GroupPrimaryPermissions /> should render 1`] = `
<GroupPrimaryPermissions__StyledGroupPermissions>
  <div>
    <Connect(UserGroups) />
    <Connect(PrimaryGroup) />
  </div>
  <Connect(UserPermissions) />
</GroupPrimaryPermissions__StyledGroupPermissions>
`;
