// Jest Snapshot v1, https://goo.gl/fbAQLP

exports[`<UsersList /> should render 1`] = `
<ScrollList
  documents={
    Array [
      Object {
        "id": "fred",
      },
    ]
  }
  onLoadNextPage={[Function]}
  page={2}
  pageCount={5}
  renderRow={[Function]}
/>
`;

exports[`<UsersList /> should render when [documents=null] 1`] = `<LoadingPlaceholder />`;
