// Jest Snapshot v1, https://goo.gl/fbAQLP

exports[`<Analyses /> should render placeholder when loading 1`] = `
<LoadingPlaceholder
  margin="150px"
/>
`;

exports[`<Analyses /> should render sub-components when not loading 1`] = `
<Switch>
  <Route
    component={
      Object {
        "$$typeof": Symbol(react.memo),
        "WrappedComponent": [Function],
        "compare": null,
        "displayName": "Connect(AnalysesList)",
        "type": [Function],
      }
    }
    exact={true}
    path="/samples/:sampleId/analyses"
  />
  <Route
    component={
      Object {
        "$$typeof": Symbol(react.memo),
        "WrappedComponent": [Function],
        "compare": null,
        "displayName": "Connect(AnalysisDetail)",
        "type": [Function],
      }
    }
    path="/samples/:sampleId/analyses/:analysisId"
  />
</Switch>
`;
