// Jest Snapshot v1, https://goo.gl/fbAQLP

exports[`<AnalysisItem /> should render 1`] = `
<Item__StyledAnalysisItem>
  <Box__LinkBoxTop>
    <Link
      to="/samples/bar/analyses/baz"
    >
      <strong>
        NuVs
      </strong>
    </Link>
    <AnalysisItemRightIcon
      canModify={true}
      onRemove={[MockFunction]}
      ready={false}
    />
  </Box__LinkBoxTop>
  <Attribution
    time="2018-02-14T17:12:00.000000Z"
    user="bob"
  />
  <Item__AnalysisItemContent>
    <Icon
      faStyle="fas"
      fixedWidth={false}
      name="equals"
    />
    <SlashList>
      <li>
        <Link
          to="/refs/undefined"
        >
          Foo
        </Link>
      </li>
      <li>
        <Link
          to="/refs/undefined/indexes/undefined"
        >
          Index 
          3
        </Link>
      </li>
    </SlashList>
    <Icon
      faStyle="fas"
      fixedWidth={false}
      name="not-equal"
    />
    <Link
      to="/subtraction/baz"
    >
      Prunus persica
    </Link>
  </Item__AnalysisItemContent>
</Item__StyledAnalysisItem>
`;

exports[`<AnalysisItem /> should render when [placeholder=true] 1`] = `
<Item__StyledAnalysisItem>
  <Box__LinkBoxTop>
    <Link
      to="/samples/bar/analyses/baz"
    >
      <strong>
        NuVs
      </strong>
    </Link>
    <AnalysisItemRightIcon
      canModify={true}
      onRemove={[MockFunction]}
      ready={false}
    />
  </Box__LinkBoxTop>
  <Attribution
    time="2018-02-14T17:12:00.000000Z"
    user="bob"
  />
  <Item__AnalysisItemContent>
    <Icon
      faStyle="fas"
      fixedWidth={false}
      name="equals"
    />
    <SlashList>
      <li>
        <Link
          to="/refs/undefined"
        >
          Foo
        </Link>
      </li>
      <li>
        <Link
          to="/refs/undefined/indexes/undefined"
        >
          Index 
          3
        </Link>
      </li>
    </SlashList>
    <Icon
      faStyle="fas"
      fixedWidth={false}
      name="not-equal"
    />
    <Link
      to="/subtraction/baz"
    >
      Prunus persica
    </Link>
  </Item__AnalysisItemContent>
</Item__StyledAnalysisItem>
`;

exports[`<AnalysisItem /> should render when [ready=false] 1`] = `
<Item__StyledAnalysisItem>
  <Box__LinkBoxTop>
    <Link
      to="/samples/bar/analyses/baz"
    >
      <strong>
        NuVs
      </strong>
    </Link>
    <AnalysisItemRightIcon
      canModify={true}
      onRemove={[MockFunction]}
      ready={false}
    />
  </Box__LinkBoxTop>
  <Attribution
    time="2018-02-14T17:12:00.000000Z"
    user="bob"
  />
  <Item__AnalysisItemContent>
    <Icon
      faStyle="fas"
      fixedWidth={false}
      name="equals"
    />
    <SlashList>
      <li>
        <Link
          to="/refs/undefined"
        >
          Foo
        </Link>
      </li>
      <li>
        <Link
          to="/refs/undefined/indexes/undefined"
        >
          Index 
          3
        </Link>
      </li>
    </SlashList>
    <Icon
      faStyle="fas"
      fixedWidth={false}
      name="not-equal"
    />
    <Link
      to="/subtraction/baz"
    >
      Prunus persica
    </Link>
  </Item__AnalysisItemContent>
</Item__StyledAnalysisItem>
`;
